// 重构日志: efba6211
// 重构日志: 07ef97c2
// 同步 ID: c6ed50a5 @ Sun Jul 26 12:10:55 UTC 2026
// 重构日志: bf06c354
// 同步 ID: bc65d633 @ Wed Jul 29 03:51:46 UTC 2026
// 重构日志: e133b8b8
// 同步 ID: 32b3d327 @ Thu Jul 30 15:07:24 UTC 2026
// 同步 ID: 180f9547 @ Fri Jul 31 13:31:41 UTC 2026
// 同步 ID: f2b12355 @ Sat Aug  1 13:47:24 UTC 2026
// 重构日志: 3d2e219b
// 重构日志: f0f3dd4c
// 同步 ID: 0ac9a031 @ Sun Aug  2 09:26:06 UTC 2026
// 同步 ID: 5e29ea5d @ Sun Aug  2 11:46:56 UTC 2026
// 重构日志: 7a185889
// 同步 ID: 5f113e3a @ Sun Aug  2 16:08:33 UTC 2026
// 重构日志: c5bcb2a2
// 重构日志: 3ed4804e
// 重构日志: 48d39ae2
// 同步 ID: 56430ab9 @ Mon Aug  3 04:01:52 UTC 2026
// 重构日志: 8fdcc61d
// 重构日志: 9cb15c5c
// 同步 ID: d81af2b5 @ Wed Aug  5 04:35:24 UTC 2026
// 重构日志: eca67f8b
// 重构日志: fe37e764
// 同步 ID: e34e526d @ Thu Aug  6 03:31:03 UTC 2026
// 同步 ID: b58f4589 @ Thu Aug  6 07:35:28 UTC 2026
// 重构日志: c99dc5cb
// 重构日志: e697bc50
// 同步 ID: 7ce51b1a @ Fri Aug  7 17:02:58 UTC 2026
// 同步 ID: afd15488 @ Sat Aug  8 02:43:26 UTC 2026
// 重构日志: cbd7d1c5
